2026-04-15 16:55:23,485 - churn_api - INFO - Health check requested
2026-04-15 16:56:15,102 - churn_api - INFO - Loading model from app/models/full_churn_pipeline_cloud.pkl
2026-04-15 16:56:15,104 - churn_api - INFO - Model loaded successfully!
2026-04-15 16:56:15,143 - churn_api - INFO - Updated existing record for customerID: 7590-VHVEG
2026-04-15 16:56:15,146 - churn_api - INFO - Prediction successful for customer 7590-VHVEG
2026-04-15 16:56:27,078 - churn_api - INFO - Updated existing record for customerID: 7590-VHVEG
2026-04-15 16:56:27,104 - churn_api - INFO - Updated existing record for customerID: 5575-GNVDE
2026-04-15 16:56:27,108 - churn_api - INFO - Batch prediction completed: 2 customers
2026-04-15 16:56:37,881 - churn_api - INFO - Label statistics retrieved: 8/12 (66.7%)
2026-04-15 16:56:46,238 - churn_api - INFO - Retrieved 4 unlabeled customers
2026-04-15 16:56:55,023 - churn_api - INFO - Retrieved 8 labeled customers
2026-04-15 16:57:19,363 - churn_api - INFO - Label retrieved for customer 55571daadas5-GNVDE
2026-04-15 16:57:28,493 - churn_api - INFO - Label updated for customer 7590-VHVEG: Yes
2026-04-15 16:57:37,785 - churn_api - INFO - Batch label update completed: 2 successful, 0 failed
2026-04-15 16:57:45,461 - churn_api - INFO - Rate limit info requested for key admin_9a...
2026-04-15 16:57:52,197 - churn_api - INFO - Retraining status checked: ready
2026-04-15 16:57:58,418 - churn_api - INFO - Starting incremental retraining
2026-04-15 16:57:58,420 - churn_api - INFO - Loaded existing model from app/models/full_churn_pipeline_cloud.pkl
2026-04-15 16:57:58,421 - churn_api - INFO - Backup saved to app\models\inc_churn_pipeline_backup_cloud.pkl
2026-04-15 16:57:58,970 - churn_api - INFO - Incremental retraining completed: 10 samples used
2026-04-15 16:58:06,661 - churn_api - INFO - Starting full retraining
2026-04-15 16:58:08,060 - churn_api - INFO - Full retraining completed: 7053 total samples
2026-04-15 16:58:18,932 - churn_api - INFO - Listed 5 models
2026-04-15 16:58:28,619 - churn_api - INFO - Active model retrieved: full_churn_pipeline_cloud.pkl
2026-04-15 16:58:38,789 - churn_api - INFO - Switching model to: full_churn_pipeline_retrained_cloud.pkl
2026-04-15 16:58:38,790 - churn_api - INFO - Model switched from full_churn_pipeline_cloud.pkl to full_churn_pipeline_retrained_cloud.pkl
2026-04-15 16:58:48,827 - churn_api - WARNING - Deleting model: full_churn_pipeline_backup_cloud.pkl, force=False
2026-04-15 16:58:48,828 - churn_api - INFO - Model deleted: full_churn_pipeline_backup_cloud.pkl
2026-04-15 16:59:05,901 - churn_api - INFO - Comparing models: full_churn_pipeline_cloud.pkl vs full_churn_pipeline_retrained_cloud.pkl
2026-04-15 16:59:29,056 - churn_api - INFO - Metrics retrieved for model full_churn_pipeline_retrained_cloud.pkl
2026-04-15 16:59:37,799 - churn_api - INFO - Testing model: full_churn_pipeline_retrained_cloud.pkl
2026-04-15 16:59:37,839 - churn_api - INFO - Model full_churn_pipeline_retrained_cloud.pkl test completed: recall=1.0
2026-04-15 16:59:51,842 - churn_api - INFO - New API key created: role=user, name=cat, rate_limit=100
2026-04-15 17:00:08,035 - churn_api - WARNING - Revoking API key: e43a0db0...
2026-04-15 18:20:57,155 - churn_api - INFO - Health check requested
2026-04-15 18:20:57,164 - churn_api - INFO - Loading model from app/models/full_churn_pipeline_cloud.pkl
2026-04-15 18:20:57,166 - churn_api - INFO - Model loaded successfully!
2026-04-15 18:20:57,195 - churn_api - INFO - Added new record for customerID: TEST-001
2026-04-15 18:20:57,197 - churn_api - INFO - Prediction successful for customer TEST-001
2026-04-15 18:20:57,239 - churn_api - WARNING - Rate limit exceeded for API key test_key...
2026-04-15 18:21:32,243 - churn_api - INFO - Health check requested
2026-04-15 18:21:32,251 - churn_api - INFO - Loading model from app/models/full_churn_pipeline_cloud.pkl
2026-04-15 18:21:32,253 - churn_api - INFO - Model loaded successfully!
2026-04-15 18:21:32,290 - churn_api - INFO - Updated existing record for customerID: TEST-001
2026-04-15 18:21:32,292 - churn_api - INFO - Prediction successful for customer TEST-001
2026-04-15 18:21:32,325 - churn_api - WARNING - Rate limit exceeded for API key test_key...
2026-04-15 18:26:48,431 - churn_api - INFO - Health check requested
2026-04-15 18:26:48,439 - churn_api - INFO - Loading model from app/models/full_churn_pipeline_cloud.pkl
2026-04-15 18:26:48,440 - churn_api - INFO - Model loaded successfully!
2026-04-15 18:26:48,480 - churn_api - INFO - Updated existing record for customerID: TEST-001
2026-04-15 18:26:48,483 - churn_api - INFO - Prediction successful for customer TEST-001
2026-04-15 18:26:48,520 - churn_api - WARNING - Rate limit exceeded for API key test_key...
2026-04-15 18:28:41,182 - churn_api - INFO - Health check requested
2026-04-15 18:28:41,191 - churn_api - INFO - Loading model from app/models/full_churn_pipeline_cloud.pkl
2026-04-15 18:28:41,192 - churn_api - INFO - Model loaded successfully!
2026-04-15 18:28:41,231 - churn_api - INFO - Updated existing record for customerID: TEST-001
2026-04-15 18:28:41,233 - churn_api - INFO - Prediction successful for customer TEST-001
2026-04-15 18:28:41,264 - churn_api - WARNING - Rate limit exceeded for API key test_key...
2026-04-15 18:53:06,734 - churn_api - INFO - Label statistics retrieved: 10/13 (76.9%)
2026-04-15 18:53:09,346 - churn_api - INFO - Listed 4 models
2026-04-16 16:42:00,189 - churn_api - INFO - Health check requested
2026-04-16 16:42:23,926 - churn_api - INFO - Loading model from app/models/full_churn_pipeline_cloud.pkl
2026-04-16 16:42:23,957 - churn_api - INFO - Model loaded successfully!
2026-04-16 16:42:24,034 - churn_api - ERROR - Prediction failed for customer 7590-VHVEG: no such column: customer_id
Traceback (most recent call last):
  File "C:\Users\isazo\OneDrive\Рабочий стол\courses\partfolio\pet_projects\customer-churn-prediction\app\main.py", line 174, in predict
    result = make_prediction(data)
             ^^^^^^^^^^^^^^^^^^^^^
  File "C:\Users\isazo\OneDrive\Рабочий стол\courses\partfolio\pet_projects\customer-churn-prediction\app\scripts\predict.py", line 26, in make_prediction
    existing = cursor.execute(
               ^^^^^^^^^^^^^^^
sqlite3.OperationalError: no such column: customer_id
2026-04-16 16:52:56,835 - churn_api - INFO - Health check requested
2026-04-16 16:53:40,297 - churn_api - INFO - Loading model from app/models/full_churn_pipeline_cloud.pkl
2026-04-16 16:53:40,300 - churn_api - INFO - Model loaded successfully!
2026-04-16 16:53:40,328 - churn_api - ERROR - Prediction failed for customer 7590-VHVEG: table new_data has no column named created_at
Traceback (most recent call last):
  File "C:\Users\isazo\OneDrive\Рабочий стол\courses\partfolio\pet_projects\customer-churn-prediction\app\main.py", line 174, in predict
    result = make_prediction(data)
             ^^^^^^^^^^^^^^^^^^^^^
  File "C:\Users\isazo\OneDrive\Рабочий стол\courses\partfolio\pet_projects\customer-churn-prediction\app\scripts\predict.py", line 58, in make_prediction
    cursor.execute('''
sqlite3.OperationalError: table new_data has no column named created_at
2026-04-16 16:58:04,637 - churn_api - INFO - Loading model from app/models/full_churn_pipeline_cloud.pkl
2026-04-16 16:58:04,639 - churn_api - INFO - Model loaded successfully!
2026-04-16 16:58:04,663 - churn_api - ERROR - Prediction failed for customer 7590-VHVEG: table new_data has no column named created_at
Traceback (most recent call last):
  File "C:\Users\isazo\OneDrive\Рабочий стол\courses\partfolio\pet_projects\customer-churn-prediction\app\main.py", line 174, in predict
    result = make_prediction(data)
             ^^^^^^^^^^^^^^^^^^^^^
  File "C:\Users\isazo\OneDrive\Рабочий стол\courses\partfolio\pet_projects\customer-churn-prediction\app\scripts\predict.py", line 58, in make_prediction
    cursor.execute('''
sqlite3.OperationalError: table new_data has no column named created_at
2026-04-16 16:59:12,271 - churn_api - INFO - Loading model from app/models/full_churn_pipeline_cloud.pkl
2026-04-16 16:59:12,274 - churn_api - INFO - Model loaded successfully!
2026-04-16 16:59:12,296 - churn_api - ERROR - Prediction failed for customer 7590-VHVEG: table new_data has no column named created_at
Traceback (most recent call last):
  File "C:\Users\isazo\OneDrive\Рабочий стол\courses\partfolio\pet_projects\customer-churn-prediction\app\main.py", line 174, in predict
    result = make_prediction(data)
             ^^^^^^^^^^^^^^^^^^^^^
  File "C:\Users\isazo\OneDrive\Рабочий стол\courses\partfolio\pet_projects\customer-churn-prediction\app\scripts\predict.py", line 58, in make_prediction
    cursor.execute('''
sqlite3.OperationalError: table new_data has no column named created_at
2026-04-16 17:05:54,563 - churn_api - INFO - Loading model from app/models/full_churn_pipeline_cloud.pkl
2026-04-16 17:05:54,565 - churn_api - INFO - Model loaded successfully!
2026-04-16 17:05:54,595 - churn_api - INFO - Added new record for customerID: 7590-VHVEG
2026-04-16 17:05:54,595 - churn_api - INFO - Prediction successful for customer 7590-VHVEG
2026-04-16 17:06:04,920 - churn_api - INFO - Added new record for customerID: 7590-VHV31EG
2026-04-16 17:06:04,931 - churn_api - INFO - Prediction successful for customer 7590-VHV31EG
2026-04-16 17:06:10,540 - churn_api - INFO - Added new record for customerID: 7590-VHV31zaqEG
2026-04-16 17:06:10,548 - churn_api - INFO - Prediction successful for customer 7590-VHV31zaqEG
2026-04-16 17:06:16,656 - churn_api - INFO - Updated existing record for customerID: 7590-VHV31zaqEG
2026-04-16 17:06:16,664 - churn_api - INFO - Prediction successful for customer 7590-VHV31zaqEG
2026-04-16 17:06:20,903 - churn_api - INFO - Updated existing record for customerID: 7590-VHV31zaqEG
2026-04-16 17:06:20,912 - churn_api - INFO - Prediction successful for customer 7590-VHV31zaqEG
2026-04-16 17:06:28,750 - churn_api - INFO - Added new record for customerID: 7590-VHV31za555qEG
2026-04-16 17:06:28,754 - churn_api - INFO - Prediction successful for customer 7590-VHV31za555qEG
2026-04-16 17:06:38,947 - churn_api - INFO - Updated existing record for customerID: 7590-VHV31za555qEG
2026-04-16 17:06:38,955 - churn_api - INFO - Prediction successful for customer 7590-VHV31za555qEG
2026-04-16 17:06:57,843 - churn_api - ERROR - Batch prediction failed: no such column: customer_id
Traceback (most recent call last):
  File "C:\Users\isazo\OneDrive\Рабочий стол\courses\partfolio\pet_projects\customer-churn-prediction\app\main.py", line 203, in predict_batch_endpoint
    result = predict_batch(request.customers)
             ^^^^^^^^^^^^^^^^^^^^^^^^^^^^^^^^
  File "C:\Users\isazo\OneDrive\Рабочий стол\courses\partfolio\pet_projects\customer-churn-prediction\app\scripts\predict_batch.py", line 33, in predict_batch
    existing = cursor.execute(
               ^^^^^^^^^^^^^^^
sqlite3.OperationalError: no such column: customer_id
2026-04-16 17:07:47,448 - churn_api - INFO - Loading model from app/models/full_churn_pipeline_cloud.pkl
2026-04-16 17:07:47,450 - churn_api - INFO - Model loaded successfully!
2026-04-16 17:07:47,511 - churn_api - INFO - Batch prediction completed: 2 customers
2026-04-16 17:08:01,635 - churn_api - INFO - Label statistics retrieved: 0/10 (0.0%)
2026-04-16 17:08:21,548 - churn_api - INFO - Batch prediction completed: 2 customers
2026-04-16 17:08:32,183 - churn_api - INFO - Batch prediction completed: 2 customers
2026-04-16 17:08:37,006 - churn_api - INFO - Label statistics retrieved: 0/12 (0.0%)
2026-04-16 18:05:22,878 - churn_api - INFO - Health check requested
2026-04-16 18:05:30,141 - churn_api - INFO - Loading model from app/models/full_churn_pipeline_cloud.pkl
2026-04-16 18:05:30,145 - churn_api - INFO - Model loaded successfully!
2026-04-16 18:05:30,178 - churn_api - INFO - Added new record for customerID: 7590-VHVEG
2026-04-16 18:05:30,178 - churn_api - INFO - Prediction successful for customer 7590-VHVEG
2026-04-16 18:05:37,981 - churn_api - INFO - Batch prediction completed: 2 customers
2026-04-16 18:05:53,585 - churn_api - INFO - Batch prediction completed: 2 customers
2026-04-16 18:05:58,906 - churn_api - INFO - Label statistics retrieved: 200/204 (98.0%)
2026-04-16 18:06:21,009 - churn_api - ERROR - Failed to get unlabeled customers: Execution failed on sql '
            SELECT customer_id, prediction, probability, created_at
            FROM new_data WHERE churn_label IS NULL
        ': no such column: customer_id
Traceback (most recent call last):
  File "C:\Users\isazo\anaconda3\Lib\site-packages\pandas\io\sql.py", line 2674, in execute
    cur.execute(sql, *args)
sqlite3.OperationalError: no such column: customer_id

The above exception was the direct cause of the following exception:

Traceback (most recent call last):
  File "C:\Users\isazo\OneDrive\Рабочий стол\courses\partfolio\pet_projects\customer-churn-prediction\app\main.py", line 254, in get_unlabeled_customers
    unlabeled_df = get_unlabeled_data()
                   ^^^^^^^^^^^^^^^^^^^^
  File "C:\Users\isazo\OneDrive\Рабочий стол\courses\partfolio\pet_projects\customer-churn-prediction\app\scripts\put_lbl.py", line 141, in get_unlabeled_data
    df = pd.read_sql_query('''
         ^^^^^^^^^^^^^^^^^^^^^
  File "C:\Users\isazo\anaconda3\Lib\site-packages\pandas\io\sql.py", line 526, in read_sql_query
    return pandas_sql.read_query(
           ^^^^^^^^^^^^^^^^^^^^^^
  File "C:\Users\isazo\anaconda3\Lib\site-packages\pandas\io\sql.py", line 2738, in read_query
    cursor = self.execute(sql, params)
             ^^^^^^^^^^^^^^^^^^^^^^^^^
  File "C:\Users\isazo\anaconda3\Lib\site-packages\pandas\io\sql.py", line 2686, in execute
    raise ex from exc
pandas.errors.DatabaseError: Execution failed on sql '
            SELECT customer_id, prediction, probability, created_at
            FROM new_data WHERE churn_label IS NULL
        ': no such column: customer_id
